// Jest Snapshot v1, https://goo.gl/fbAQLP

exports[`Should OfferDetails component render correctly 1`] = `
Array [
  <section
    className="property"
  >
    <div
      className="property__gallery-container container"
    >
      <div
        className="property__gallery"
      >
        <div
          className="property__image-wrapper"
        >
          <img
            alt="Photo studio"
            className="property__image"
            src="img/room.jpg"
          />
        </div>
        <div
          className="property__image-wrapper"
        >
          <img
            alt="Photo studio"
            className="property__image"
            src="img/apartment-01.jpg"
          />
        </div>
        <div
          className="property__image-wrapper"
        >
          <img
            alt="Photo studio"
            className="property__image"
            src="img/apartment-01.jpg"
          />
        </div>
      </div>
    </div>
    <div
      className="property__container container"
    >
      <div
        className="property__wrapper"
      >
        <div
          className="property__mark"
        >
          <span>
            Premium
          </span>
        </div>
        <div
          className="property__name-wrapper"
        >
          <h1
            className="property__name"
          >
            Beautiful & luxurious apartment at great location
          </h1>
          <button
            className="property__bookmark-button button"
            type="button"
          >
            <svg
              className="property__bookmark-icon"
              height="33"
              width="31"
            >
              <use
                xlinkHref="#icon-bookmark"
              />
            </svg>
            <span
              className="visually-hidden"
            >
              To bookmarks
            </span>
          </button>
        </div>
        <div
          className="property__rating rating"
        >
          <div
            className="property__stars rating__stars"
          >
            <span
              style={
                Object {
                  "width": "50%",
                }
              }
            />
            <span
              className="visually-hidden"
            >
              Rating
            </span>
          </div>
          <span
            className="property__rating-value rating__value"
          >
            2.5
          </span>
        </div>
        <ul
          className="property__features"
        >
          <li
            className="property__feature property__feature--entire"
          >
            Apartment
          </li>
          <li
            className="property__feature property__feature--bedrooms"
          >
            2
             Bedrooms
          </li>
          <li
            className="property__feature property__feature--adults"
          >
            Max 
            4
             adults
          </li>
        </ul>
        <div
          className="property__price"
        >
          <b
            className="property__price-value"
          >
            €
            120
          </b>
          <span
            className="property__price-text"
          >
             night
          </span>
        </div>
        <div
          className="property__inside"
        >
          <h2
            className="property__inside-title"
          >
            What's inside
          </h2>
          <ul
            className="property__inside-list"
          >
            <li
              className="property__inside-item"
            >
              Wi-Fi
            </li>
            <li
              className="property__inside-item"
            >
              Baby seat
            </li>
            <li
              className="property__inside-item"
            >
              Cabel TV
            </li>
            <li
              className="property__inside-item"
            >
              Fridge
            </li>
          </ul>
        </div>
        <div
          className="property__host"
        >
          <h2
            className="property__host-title"
          >
            Meet the host
          </h2>
          <div
            className="property__host-user user"
          >
            <div
              className="property__avatar-wrapper user__avatar-wrapper property__avatar-wrapper--pro "
            >
              <img
                alt="Host avatar"
                className="property__avatar user__avatar"
                height="74"
                src="img/avatar-angelina.jpg"
                width="74"
              />
            </div>
            <span
              className="property__user-name"
            >
              Dominika
            </span>
          </div>
          <div
            className="property__description"
          >
            <p
              className="property__text"
            >
              A quiet cozy and picturesque that hides behind a a river by the unique lightness of Amsterdam. The building is green and from 18th century.
            </p>
          </div>
        </div>
        <section
          className="property__reviews reviews"
        >
          <h2
            className="reviews__title"
          >
            Reviews · 
            <span
              className="reviews__amount"
            >
              3
            </span>
          </h2>
          <ul
            className="reviews__list"
          >
            <ul
              className="reviews__list"
            >
              <li
                className="reviews__item"
              >
                <div
                  className="reviews__user user"
                >
                  <div
                    className="reviews__avatar-wrapper user__avatar-wrapper"
                  >
                    <img
                      alt="Reviews avatar"
                      className="reviews__avatar user__avatar"
                      height="54"
                      src="/img/avatar-max.jpg"
                      width="54"
                    />
                  </div>
                  <span
                    className="reviews__user-name"
                  >
                    Max
                  </span>
                </div>
                <div
                  className="reviews__info"
                >
                  <div
                    className="reviews__rating rating"
                  >
                    <div
                      className="reviews__stars rating__stars"
                    >
                      <span
                        style={
                          Object {
                            "width": 30,
                          }
                        }
                      />
                      <span
                        className="visually-hidden"
                      >
                        Rating
                      </span>
                    </div>
                  </div>
                  <p
                    className="reviews__text"
                  >
                    A quiet cozy and picturesque that hides behind a a river by the unique lightness of Amsterdam.
                  </p>
                  <time
                    className="reviews__time"
                    dateTime="2020-03-07"
                  >
                    March, 2020
                  </time>
                </div>
              </li>
            </ul>
            <ul
              className="reviews__list"
            >
              <li
                className="reviews__item"
              >
                <div
                  className="reviews__user user"
                >
                  <div
                    className="reviews__avatar-wrapper user__avatar-wrapper"
                  >
                    <img
                      alt="Reviews avatar"
                      className="reviews__avatar user__avatar"
                      height="54"
                      src="/img/avatar-max.jpg"
                      width="54"
                    />
                  </div>
                  <span
                    className="reviews__user-name"
                  >
                    Alexey
                  </span>
                </div>
                <div
                  className="reviews__info"
                >
                  <div
                    className="reviews__rating rating"
                  >
                    <div
                      className="reviews__stars rating__stars"
                    >
                      <span
                        style={
                          Object {
                            "width": 10,
                          }
                        }
                      />
                      <span
                        className="visually-hidden"
                      >
                        Rating
                      </span>
                    </div>
                  </div>
                  <p
                    className="reviews__text"
                  >
                    The building is green and from 18th century.
                  </p>
                  <time
                    className="reviews__time"
                    dateTime="2020-03-07"
                  >
                    March, 2020
                  </time>
                </div>
              </li>
            </ul>
            <ul
              className="reviews__list"
            >
              <li
                className="reviews__item"
              >
                <div
                  className="reviews__user user"
                >
                  <div
                    className="reviews__avatar-wrapper user__avatar-wrapper"
                  >
                    <img
                      alt="Reviews avatar"
                      className="reviews__avatar user__avatar"
                      height="54"
                      src="/img/avatar-max.jpg"
                      width="54"
                    />
                  </div>
                  <span
                    className="reviews__user-name"
                  >
                    Anastasia
                  </span>
                </div>
                <div
                  className="reviews__info"
                >
                  <div
                    className="reviews__rating rating"
                  >
                    <div
                      className="reviews__stars rating__stars"
                    >
                      <span
                        style={
                          Object {
                            "width": 90,
                          }
                        }
                      />
                      <span
                        className="visually-hidden"
                      >
                        Rating
                      </span>
                    </div>
                  </div>
                  <p
                    className="reviews__text"
                  >
                    A quiet cozy and picturesque that hides behind a a river by the unique lightness of Amsterdam. The building is green and from 18th century.
                  </p>
                  <time
                    className="reviews__time"
                    dateTime="2020-03-07"
                  >
                    March, 2020
                  </time>
                </div>
              </li>
            </ul>
          </ul>
        </section>
      </div>
    </div>
    <section
      className="map property__map"
    >
      <div
        id="map"
        style={
          Object {
            "height": "100%",
          }
        }
      />
    </section>
  </section>,
  <div
    className="container"
  >
    <section
      className="near-places places"
    >
      <h2
        className="near-places__title"
      >
        Other places in the neighbourhood
      </h2>
      <div
        className="places__list near-places__list"
      >
        <article
          className="place-card near-places__card"
          onMouseEnter={[Function]}
          onMouseLeave={[Function]}
        >
          
          <div
            className="place-card__image-wrapper near-places__image-wrapper"
          >
            <a
              href="#"
            >
              <img
                alt="Place image"
                className="place-card__image"
                height={200}
                src="/img/apartment-01.jpg"
                width={260}
              />
            </a>
          </div>
          <div
            className="place-card__info"
          >
            <div
              className="place-card__price-wrapper"
            >
              <div
                className="place-card__price"
              >
                <b
                  className="place-card__price-value"
                >
                  €
                  70
                </b>
                <span
                  className="place-card__price-text"
                >
                  / night
                </span>
              </div>
              <button
                className="place-card__bookmark-button button "
                type="button"
              >
                <svg
                  className="place-card__bookmark-icon"
                  height={19}
                  width={18}
                >
                  <use
                    xlinkHref="#icon-bookmark"
                  />
                </svg>
                <span
                  className="visually-hidden"
                >
                  To bookmarks
                </span>
              </button>
            </div>
            <div
              className="place-card__rating rating"
            >
              <div
                className="place-card__stars rating__stars"
              >
                <span
                  style={
                    Object {
                      "width": "70%",
                    }
                  }
                />
                <span
                  className="visually-hidden"
                >
                  Rating
                </span>
              </div>
            </div>
            <h2
              className="place-card__name"
            >
              <a
                href="/offer/id_12"
                onClick={[Function]}
              >
                Beautiful & luxurious apartment at great location
              </a>
            </h2>
            <p
              className="place-card__type"
            >
              Apartment
            </p>
          </div>
        </article>
        <article
          className="place-card near-places__card"
          onMouseEnter={[Function]}
          onMouseLeave={[Function]}
        >
          <div
            className="place-card__mark"
          >
            <span>
              Premium
            </span>
          </div>
          <div
            className="place-card__image-wrapper near-places__image-wrapper"
          >
            <a
              href="#"
            >
              <img
                alt="Place image"
                className="place-card__image"
                height={200}
                src="/img/apartment-01.jpg"
                width={260}
              />
            </a>
          </div>
          <div
            className="place-card__info"
          >
            <div
              className="place-card__price-wrapper"
            >
              <div
                className="place-card__price"
              >
                <b
                  className="place-card__price-value"
                >
                  €
                  125
                </b>
                <span
                  className="place-card__price-text"
                >
                  / night
                </span>
              </div>
              <button
                className="place-card__bookmark-button button "
                type="button"
              >
                <svg
                  className="place-card__bookmark-icon"
                  height={19}
                  width={18}
                >
                  <use
                    xlinkHref="#icon-bookmark"
                  />
                </svg>
                <span
                  className="visually-hidden"
                >
                  To bookmarks
                </span>
              </button>
            </div>
            <div
              className="place-card__rating rating"
            >
              <div
                className="place-card__stars rating__stars"
              >
                <span
                  style={
                    Object {
                      "width": "90%",
                    }
                  }
                />
                <span
                  className="visually-hidden"
                >
                  Rating
                </span>
              </div>
            </div>
            <h2
              className="place-card__name"
            >
              <a
                href="/offer/id_13"
                onClick={[Function]}
              >
                Beautiful & luxurious apartment at great location
              </a>
            </h2>
            <p
              className="place-card__type"
            >
              Apartment
            </p>
          </div>
        </article>
      </div>
    </section>
  </div>,
]
`;
